Testing fullImageUrl function...

[PASS] 'uploads/site/img.jpg' -> 'http://localhost:8080/ae-content/uploads/site/img.jpg'
[FAIL] '/uploads/site/img.jpg'
  Expected: 'http://localhost:8080/ae-content/uploads/site/img.jpg'
  Got:      'http://localhost:8080/ae-content/ae-content/uploads/site/img.jpg'
[PASS] 'wp-content/uploads/site/img.jpg' -> 'http://localhost:8080/ae-content/uploads/site/img.jpg'
[PASS] 'ae-content/uploads/site/img.jpg' -> 'http://localhost:8080/ae-content/uploads/site/img.jpg'
[PASS] '/ae-content/uploads/site/img.jpg' -> 'http://localhost:8080/ae-content/uploads/site/img.jpg'
[PASS] 'https://external.com/image.jpg' -> 'https://external.com/image.jpg'

1 tests failed.
